// Jest Snapshot v1, https://goo.gl/fbAQLP

exports[`snapshot for app component 1 1`] = `
<div
  style={
    Object {
      "padding": "50px 17.97% 111px 18.33%",
    }
  }
>
  <p
    className="MuiTypography-root MuiTypography-body1 css-1fbtkm8-MuiTypography-root"
    style={
      Object {
        "fontFamily": "CeraProBold",
        "fontSize": "36px",
        "fontWeight": 700,
        "lineHeight": "45px",
      }
    }
  >
    My Library
  </p>
  <div
    className="MuiBox-root css-8atqhb"
    data-testid="box"
  >
    <div
      className="MuiBox-root css-1gsv261"
    >
      <span
        style={
          Object {
            "color": "#22C870x",
          }
        }
      >
        <div
          className="MuiTabs-root css-1ujnqem-MuiTabs-root"
        >
          <div
            className="MuiTabs-scroller MuiTabs-fixed css-jpln7h-MuiTabs-scroller"
            onScroll={[Function]}
            style={
              Object {
                "marginBottom": -0,
                "overflow": "hidden",
              }
            }
          >
            <div
              aria-orientation={null}
              className="MuiTabs-flexContainer css-heg063-MuiTabs-flexContainer"
              onKeyDown={[Function]}
              role="tablist"
            >
              <button
                aria-controls={null}
                aria-selected={true}
                className="MuiButtonBase-root MuiTab-root MuiTab-textColorSecondary Mui-selected css-11ivv5d-MuiButtonBase-root-MuiTab-root"
                disabled={false}
                id={null}
                onBlur={[Function]}
                onClick={[Function]}
                onContextMenu={[Function]}
                onDragLeave={[Function]}
                onFocus={[Function]}
                onKeyDown={[Function]}
                onKeyUp={[Function]}
                onMouseDown={[Function]}
                onMouseLeave={[Function]}
                onMouseUp={[Function]}
                onTouchEnd={[Function]}
                onTouchMove={[Function]}
                onTouchStart={[Function]}
                role="tab"
                tabIndex={0}
                type="button"
              >
                Currently Reading
                <span
                  className="MuiTabs-indicator css-1aquho2-MuiTabs-indicator"
                  style={
                    Object {
                      "backgroundColor": "rgba(44, 224, 128, 1)",
                      "width": "304px",
                    }
                  }
                />
              </button>
              <button
                aria-controls={null}
                aria-selected={false}
                className="MuiButtonBase-root MuiTab-root MuiTab-textColorSecondary css-74vjky-MuiButtonBase-root-MuiTab-root"
                disabled={false}
                id={null}
                onBlur={[Function]}
                onClick={[Function]}
                onContextMenu={[Function]}
                onDragLeave={[Function]}
                onFocus={[Function]}
                onKeyDown={[Function]}
                onKeyUp={[Function]}
                onMouseDown={[Function]}
                onMouseLeave={[Function]}
                onMouseUp={[Function]}
                onTouchEnd={[Function]}
                onTouchMove={[Function]}
                onTouchStart={[Function]}
                role="tab"
                tabIndex={-1}
                type="button"
              >
                Finished
              </button>
            </div>
          </div>
        </div>
      </span>
    </div>
    <div
      aria-labelledby={null}
      className="MuiTabPanel-root css-jigkhi-MuiTabPanel-root"
      data-testid="panel1"
      hidden={false}
      id={null}
      role="tabpanel"
    >
      <div
        className="MuiGrid-root MuiGrid-container css-1ofkode-MuiGrid-root"
        data-testid="contatiner1"
      />
    </div>
    <div
      aria-labelledby={null}
      className="MuiTabPanel-root css-jigkhi-MuiTabPanel-root"
      data-testid="panel2"
      hidden={true}
      id={null}
      role="tabpanel"
    />
  </div>
</div>
`;
