// Jest Snapshot v1, https://goo.gl/fbAQLP

exports[`snapshots 1`] = `
<div>
  <span
    aria-valuemax={100}
    aria-valuemin={0}
    aria-valuenow={0}
    className="MuiLinearProgress-root MuiLinearProgress-colorProgressCompleted MuiLinearProgress-determinate css-1bwxga9-MuiLinearProgress-root"
    data-testid="bar"
    role="progressbar"
  >
    <span
      className="MuiLinearProgress-bar MuiLinearProgress-barColorProgressCompleted MuiLinearProgress-bar1Determinate css-1i3dgut-MuiLinearProgress-bar1"
      style={
        Object {
          "transform": "translateX(-100%)",
        }
      }
    />
  </span>
</div>
`;
